[    0.000000] Initializing cgroup subsys cpuset
[    0.000000] Initializing cgroup subsys cpu
[    0.000000] Initializing cgroup subsys cpuacct
[    0.000000] Linux version 4.4.0-64-generic (buildd@lgw01-56) (gcc version 5.4.0 20160609 (Ubuntu 5.4.0-6ubuntu1~16.04.4) ) #85-Ubuntu SMP Mon Feb 20 11:50:30 UTC 2017 (Ubuntu 4.4.0-64.85-generic 4.4.44)
[    0.000000] Command line: BOOT_IMAGE=/boot/vmlinuz-4.4.0-64-generic root=LABEL=cloudimg-rootfs ro console=tty1 console=ttyS0
[    0.000000] KERNEL supported cpus:
[    0.000000]   Intel GenuineIntel
[    0.000000]   AMD AuthenticAMD
[    0.000000]   Centaur CentaurHauls
[    0.000000] x86/fpu: xstate_offset[2]:  576, xstate_sizes[2]:  256
[    0.000000] x86/fpu: Supporting XSAVE feature 0x01: 'x87 floating point registers'
[    0.000000] x86/fpu: Supporting XSAVE feature 0x02: 'SSE registers'
[    0.000000] x86/fpu: Supporting XSAVE feature 0x04: 'AVX registers'
[    0.000000] x86/fpu: Enabled xstate features 0x7, context size is 832 bytes, using 'standard' format.
[    0.000000] x86/fpu: Using 'lazy' FPU context switches.
[    0.000000] e820: BIOS-provided physical RAM map:
[    0.000000] BIOS-e820: [mem 0x0000000000000000-0x000000000009fbff] usable
[    0.000000] BIOS-e820: [mem 0x000000000009fc00-0x000000000009ffff] reserved
[    0.000000] BIOS-e820: [mem 0x00000000000f0000-0x00000000000fffff] reserved
[    0.000000] BIOS-e820: [mem 0x0000000000100000-0x000000003ffeffff] usable
[    0.000000] BIOS-e820: [mem 0x000000003fff0000-0x000000003fffffff] ACPI data
[    0.000000] BIOS-e820: [mem 0x00000000fec00000-0x00000000fec00fff] reserved
[    0.000000] BIOS-e820: [mem 0x00000000fee00000-0x00000000fee00fff] reserved
[    0.000000] BIOS-e820: [mem 0x00000000fffc0000-0x00000000ffffffff] reserved
[    0.000000] NX (Execute Disable) protection: active
[    0.000000] SMBIOS 2.5 present.
[    0.000000] Hypervisor detected: KVM
[    0.000000] e820: last_pfn = 0x3fff0 max_arch_pfn = 0x400000000
[    0.000000] MTRR: Disabled
[    0.000000] x86/PAT: MTRRs disabled, skipping PAT initialization too.
[    0.000000] x86/PAT: Configuration [0-7]: WB  WT  UC- UC  WB  WT  UC- UC  
[    0.000000] CPU MTRRs all blank - virtualized system.
[    0.000000] found SMP MP-table at [mem 0x0009fff0-0x0009ffff] mapped at [ffff88000009fff0]
[    0.000000] Scanning 1 areas for low memory corruption
[    0.000000] RAMDISK: [mem 0x36ac4000-0x37559fff]
[    0.000000] ACPI: Early table checksum verification disabled
[    0.000000] ACPI: RSDP 0x00000000000E0000 000024 (v02 VBOX  )
[    0.000000] ACPI: XSDT 0x000000003FFF0030 00003C (v01 VBOX   VBOXXSDT 00000001 ASL  00000061)
[    0.000000] ACPI: FACP 0x000000003FFF00F0 0000F4 (v04 VBOX   VBOXFACP 00000001 ASL  00000061)
[    0.000000] ACPI: DSDT 0x000000003FFF0470 0021FF (v02 VBOX   VBOXBIOS 00000002 INTL 20100528)
[    0.000000] ACPI: FACS 0x000000003FFF0200 000040
[    0.000000] ACPI: FACS 0x000000003FFF0200 000040
[    0.000000] ACPI: APIC 0x000000003FFF0240 00005C (v02 VBOX   VBOXAPIC 00000001 ASL  00000061)
[    0.000000] ACPI: SSDT 0x000000003FFF02A0 0001CC (v01 VBOX   VBOXCPUT 00000002 INTL 20100528)
[    0.000000] No NUMA configuration found
[    0.000000] Faking a node at [mem 0x0000000000000000-0x000000003ffeffff]
[    0.000000] NODE_DATA(0) allocated [mem 0x3ffeb000-0x3ffeffff]
[    0.000000] kvm-clock: Using msrs 4b564d01 and 4b564d00
[    0.000000] kvm-clock: cpu 0, msr 0:3ffe3001, primary cpu clock
[    0.000000] kvm-clock: using sched offset of 3064654840 cycles
[    0.000000] clocksource: kvm-clock: mask: 0xffffffffffffffff max_cycles: 0x1cd42e4dffb, max_idle_ns: 881590591483 ns
[    0.000000] Zone ranges:
[    0.000000]   DMA      [mem 0x0000000000001000-0x0000000000ffffff]
[    0.000000]   DMA32    [mem 0x0000000001000000-0x000000003ffeffff]
[    0.000000]   Normal   empty
[    0.000000]   Device   empty
[    0.000000] Movable zone start for each node
[    0.000000] Early memory node ranges
[    0.000000]   node   0: [mem 0x0000000000001000-0x000000000009efff]
[    0.000000]   node   0: [mem 0x0000000000100000-0x000000003ffeffff]
[    0.000000] Initmem setup node 0 [mem 0x0000000000001000-0x000000003ffeffff]
[    0.000000] ACPI: PM-Timer IO Port: 0x4008
[    0.000000] IOAPIC[0]: apic_id 2, version 32, address 0xfec00000, GSI 0-23
[    0.000000] ACPI: INT_SRC_OVR (bus 0 bus_irq 0 global_irq 2 dfl dfl)
[    0.000000] ACPI: INT_SRC_OVR (bus 0 bus_irq 9 global_irq 9 high level)
[    0.000000] Using ACPI (MADT) for SMP configuration information
[    0.000000] smpboot: Allowing 2 CPUs, 0 hotplug CPUs
[    0.000000] PM: Registered nosave memory: [mem 0x00000000-0x00000fff]
[    0.000000] PM: Registered nosave memory: [mem 0x0009f000-0x0009ffff]
[    0.000000] PM: Registered nosave memory: [mem 0x000a0000-0x000effff]
[    0.000000] PM: Registered nosave memory: [mem 0x000f0000-0x000fffff]
[    0.000000] e820: [mem 0x40000000-0xfebfffff] available for PCI devices
[    0.000000] Booting paravirtualized kernel on KVM
[    0.000000] clocksource: refined-jiffies: mask: 0xffffffff max_cycles: 0xffffffff, max_idle_ns: 7645519600211568 ns
[    0.000000] setup_percpu: NR_CPUS:512 nr_cpumask_bits:512 nr_cpu_ids:2 nr_node_ids:1
[    0.000000] PERCPU: Embedded 33 pages/cpu @ffff88003fc00000 s98264 r8192 d28712 u1048576
[    0.000000] PV qspinlock hash table entries: 256 (order: 0, 4096 bytes)
[    0.000000] Built 1 zonelists in Node order, mobility grouping on.  Total pages: 257913
[    0.000000] Policy zone: DMA32
[    0.000000] Kernel command line: BOOT_IMAGE=/boot/vmlinuz-4.4.0-64-generic root=LABEL=cloudimg-rootfs ro console=tty1 console=ttyS0
[    0.000000] PID hash table entries: 4096 (order: 3, 32768 bytes)
[    0.000000] Memory: 1001736K/1048120K available (8452K kernel code, 1293K rwdata, 3980K rodata, 1488K init, 1316K bss, 46384K reserved, 0K cma-reserved)
[    0.000000] SLUB: HWalign=64, Order=0-3, MinObjects=0, CPUs=2, Nodes=1
[    0.000000] Hierarchical RCU implementation.
[    0.000000] 	Build-time adjustment of leaf fanout to 64.
[    0.000000] 	RCU restricting CPUs from NR_CPUS=512 to nr_cpu_ids=2.
[    0.000000] RCU: Adjusting geometry for rcu_fanout_leaf=64, nr_cpu_ids=2
[    0.000000] NR_IRQS:33024 nr_irqs:440 16
[    0.000000] Console: colour VGA+ 80x25
[    0.000000] console [tty1] enabled
[    0.000000] console [ttyS0] enabled
[    0.000000] tsc: Detected 2699.998 MHz processor
[    2.779438] Calibrating delay loop (skipped) preset value.. 5399.99 BogoMIPS (lpj=10799992)
[    2.861428] pid_max: default: 32768 minimum: 301
[    2.874016] ACPI: Core revision 20150930
[    2.893323] ACPI: 2 ACPI AML tables successfully acquired and loaded
[    2.915262] Security Framework initialized
[    2.919194] Yama: becoming mindful.
[    2.920133] AppArmor: AppArmor initialized
[    2.927465] Dentry cache hash table entries: 131072 (order: 8, 1048576 bytes)
[    3.005980] Inode-cache hash table entries: 65536 (order: 7, 524288 bytes)
[    3.050348] Mount-cache hash table entries: 2048 (order: 2, 16384 bytes)
[    3.072841] Mountpoint-cache hash table entries: 2048 (order: 2, 16384 bytes)
[    3.115723] Initializing cgroup subsys io
[    3.116724] Initializing cgroup subsys memory
[    3.130048] Initializing cgroup subsys devices
[    3.139879] Initializing cgroup subsys freezer
[    3.169179] Initializing cgroup subsys net_cls
[    3.179986] Initializing cgroup subsys perf_event
[    3.181027] Initializing cgroup subsys net_prio
[    3.182065] Initializing cgroup subsys hugetlb
[    3.184293] Initializing cgroup subsys pids
[    3.192301] CPU: Physical Processor ID: 0
[    3.199009] CPU: Processor Core ID: 0
[    3.229014] mce: CPU supports 0 MCE banks
[    3.250314] Last level iTLB entries: 4KB 64, 2MB 8, 4MB 8
[    3.256999] Last level dTLB entries: 4KB 64, 2MB 0, 4MB 0, 1GB 4
[    3.309438] Freeing SMP alternatives memory: 32K (ffffffff820b9000 - ffffffff820c1000)
[    3.335360] ftrace: allocating 32123 entries in 126 pages
[    3.429342] smpboot: APIC(0) Converting physical 0 to logical package 0
[    3.508652] smpboot: Max logical packages: 1
[    3.514709] x2apic enabled
[    3.545005] Switched APIC routing to physical x2apic.
[    3.569758] ..TIMER: vector=0x30 apic1=0 pin1=2 apic2=-1 pin2=-1
[    3.742611] smpboot: CPU0: Intel(R) Core(TM) i5-5257U CPU @ 2.70GHz (family: 0x6, model: 0x3d, stepping: 0x4)
[    3.844887] Performance Events: unsupported p6 CPU model 61 no PMU driver, software events only.
[    3.901267] KVM setup paravirtual spinlock
[    3.914279] x86: Booting SMP configuration:
[    3.963788] .... node  #0, CPUs:      #1
[    3.996687] kvm-clock: cpu 1, msr 0:3ffe3041, secondary cpu clock
[    4.011232] mce: CPU supports 0 MCE banks
[    4.022487] x86: Booted up 1 node, 2 CPUs
[    4.059304] smpboot: Total of 2 processors activated (10799.99 BogoMIPS)
[    4.102299] devtmpfs: initialized
[    4.155538] evm: security.selinux
[    4.192704] evm: security.SMACK64
[    4.222943] evm: security.SMACK64EXEC
[    4.259700] evm: security.SMACK64TRANSMUTE
[    4.300797] evm: security.SMACK64MMAP
[    4.328795] evm: security.ima
[    4.354477] evm: security.capability
[    4.391112] clocksource: jiffies: mask: 0xffffffff max_cycles: 0xffffffff, max_idle_ns: 7645041785100000 ns
[    4.471104] pinctrl core: initialized pinctrl subsystem
[    4.492220] RTC time:  2:05:41, date: 01/10/18
[    4.497915] NET: Registered protocol family 16
[    4.522960] cpuidle: using governor ladder
[    4.543410] cpuidle: using governor menu
[    4.546559] PCCT header not found.
[    4.560029] ACPI: bus type PCI registered
[    4.563795] acpiphp: ACPI Hot Plug PCI Controller Driver version: 0.5
[    4.590761] PCI: Using configuration type 1 for base access
[    4.616130] ACPI: Added _OSI(Module Device)
[    4.624450] ACPI: Added _OSI(Processor Device)
[    4.638847] ACPI: Added _OSI(3.0 _SCP Extensions)
[    4.639889] ACPI: Added _OSI(Processor Aggregator Device)
[    4.641820] ACPI: Executed 1 blocks of module-level executable AML code
[    4.682655] ACPI: Interpreter enabled
[    4.711250] ACPI: (supports S0 S5)
[    4.721484] ACPI: Using IOAPIC for interrupt routing
[    4.728430] PCI: Using host bridge windows from ACPI; if necessary, use "pci=nocrs" and report a bug
[    4.749380] ACPI: PCI Root Bridge [PCI0] (domain 0000 [bus 00-ff])
[    4.778502] acpi PNP0A03:00: _OSC: OS supports [ASPM ClockPM Segments MSI]
[    4.835996] acpi PNP0A03:00: _OSC: not requesting OS control; OS requires [ExtendedConfig ASPM ClockPM MSI]
[    4.857314] acpi PNP0A03:00: fail to add MMCONFIG information, can't access extended PCI configuration space under this bridge.
[    4.871650] PCI host bridge to bus 0000:00
[    4.881972] pci_bus 0000:00: root bus resource [io  0x0000-0x0cf7 window]
[    4.886835] pci_bus 0000:00: root bus resource [io  0x0d00-0xffff window]
[    4.889767] pci_bus 0000:00: root bus resource [mem 0x000a0000-0x000bffff window]
[    4.891941] pci_bus 0000:00: root bus resource [mem 0x40000000-0xffdfffff window]
[    4.896328] pci_bus 0000:00: root bus resource [bus 00-ff]
[    4.905065] pci 0000:00:01.1: legacy IDE quirk: reg 0x10: [io  0x01f0-0x01f7]
[    4.912901] pci 0000:00:01.1: legacy IDE quirk: reg 0x14: [io  0x03f6]
[    4.918138] pci 0000:00:01.1: legacy IDE quirk: reg 0x18: [io  0x0170-0x0177]
[    4.927331] pci 0000:00:01.1: legacy IDE quirk: reg 0x1c: [io  0x0376]
[    4.959224] pci 0000:00:07.0: quirk: [io  0x4000-0x403f] claimed by PIIX4 ACPI
[    4.984875] pci 0000:00:07.0: quirk: [io  0x4100-0x410f] claimed by PIIX4 SMB
[    5.017982] ACPI: PCI Interrupt Link [LNKA] (IRQs 5 9 10 *11)
[    5.044409] ACPI: PCI Interrupt Link [LNKB] (IRQs 5 9 10 *11)
[    5.065099] ACPI: PCI Interrupt Link [LNKC] (IRQs 5 9 *10 11)
[    5.076944] ACPI: PCI Interrupt Link [LNKD] (IRQs 5 *9 10 11)
[    5.098443] ACPI: Enabled 2 GPEs in block 00 to 07
[    5.143830] vgaarb: setting as boot device: PCI:0000:00:02.0
[    5.179857] vgaarb: device added: PCI:0000:00:02.0,decodes=io+mem,owns=io+mem,locks=none
[    5.184333] vgaarb: loaded
[    5.186182] vgaarb: bridge control possible 0000:00:02.0
[    5.202005] SCSI subsystem initialized
[    5.222986] ACPI: bus type USB registered
[    5.232271] usbcore: registered new interface driver usbfs
[    5.249717] usbcore: registered new interface driver hub
[    5.250984] usbcore: registered new device driver usb
[    5.279744] PCI: Using ACPI for IRQ routing
[    5.290654] NetLabel: Initializing
[    5.295653] NetLabel:  domain hash size = 128
[    5.299798] NetLabel:  protocols = UNLABELED CIPSOv4
[    5.300913] NetLabel:  unlabeled traffic allowed by default
[    5.310428] amd_nb: Cannot enumerate AMD northbridges
[    5.324567] clocksource: Switched to clocksource kvm-clock
[    5.352099] AppArmor: AppArmor Filesystem Enabled
[    5.362665] pnp: PnP ACPI init
[    5.378494] pnp: PnP ACPI: found 3 devices
[    5.468382] clocksource: acpi_pm: mask: 0xffffff max_cycles: 0xffffff, max_idle_ns: 2085701024 ns
[    5.581983] NET: Registered protocol family 2
[    5.602993] TCP established hash table entries: 8192 (order: 4, 65536 bytes)
[    5.612931] TCP bind hash table entries: 8192 (order: 5, 131072 bytes)
[    5.667206] TCP: Hash tables configured (established 8192 bind 8192)
[    5.732406] UDP hash table entries: 512 (order: 2, 16384 bytes)
[    5.743592] UDP-Lite hash table entries: 512 (order: 2, 16384 bytes)
[    5.812215] NET: Registered protocol family 1
[    5.893164] pci 0000:00:00.0: Limiting direct PCI/PCI transfers
[    5.925319] pci 0000:00:01.0: Activating ISA DMA hang workarounds
[    6.004788] Trying to unpack rootfs image as initramfs...
[    7.861453] Freeing initrd memory: 10840K (ffff880036ac4000 - ffff88003755a000)
[    7.868839] RAPL PMU detected, API unit is 2^-32 Joules, 4 fixed counters 10737418240 ms ovfl timer
[    7.870817] hw unit of domain pp0-core 2^-0 Joules
[    7.871865] hw unit of domain package 2^-0 Joules
[    7.873017] hw unit of domain dram 2^-0 Joules
[    7.879545] hw unit of domain pp1-gpu 2^-0 Joules
[    7.880759] platform rtc_cmos: registered platform RTC device (no PNP device found)
[    7.938313] Scanning for low memory corruption every 60 seconds
[    7.940082] futex hash table entries: 512 (order: 3, 32768 bytes)
[    7.967475] audit: initializing netlink subsys (disabled)
[    8.002104] audit: type=2000 audit(1515549945.246:1): initialized
[    8.029856] Initialise system trusted keyring
[    8.058445] HugeTLB registered 2 MB page size, pre-allocated 0 pages
[    8.134640] zbud: loaded
[    8.138004] VFS: Disk quotas dquot_6.6.0
[    8.149552] VFS: Dquot-cache hash table entries: 512 (order 0, 4096 bytes)
[    8.199533] squashfs: version 4.0 (2009/01/31) Phillip Lougher
[    8.224967] fuse init (API version 7.23)
[    8.235465] Key type big_key registered
[    8.284682] Allocating IMA MOK and blacklist keyrings.
[    8.294848] Key type asymmetric registered
[    8.316645] Asymmetric key parser 'x509' registered
[    8.388794] Block layer SCSI generic (bsg) driver version 0.4 loaded (major 249)
[    8.444201] io scheduler noop registered
[    8.493908] io scheduler deadline registered (default)
[    8.524210] io scheduler cfq registered
[    8.539787] pci_hotplug: PCI Hot Plug PCI Core version: 0.5
[    8.611568] pciehp: PCI Express Hot Plug Controller Driver version: 0.4
[    8.645127] ACPI: AC Adapter [AC] (on-line)
[    8.683525] input: Power Button as /devices/LNXSYSTM:00/LNXPWRBN:00/input/input0
[    8.748191] ACPI: Power Button [PWRF]
[    8.793690] input: Sleep Button as /devices/LNXSYSTM:00/LNXSLPBN:00/input/input1
[    8.823476] ACPI: Sleep Button [SLPF]
[    8.825551] ACPI: Battery Slot [BAT0] (battery present)
[    8.842782] GHES: HEST is not enabled!
[    8.903130] tsc: Refined TSC clocksource calibration: 2699.794 MHz
[    8.966628] clocksource: tsc: mask: 0xffffffffffffffff max_cycles: 0x26ea7bbd64c, max_idle_ns: 440795256695 ns
ÿ[    8.966813] Serial: 8250/16550 driver, 32 ports, IRQ sharing enabled
[    9.116620] 00:02: ttyS0 at I/O 0x3f8 (irq = 4, base_baud = 115200) is a 16550A
[    9.225973] Linux agpgart interface v0.103
[    9.231771] brd: module loaded
[    9.274208] loop: module loaded
[    9.293762] scsi host0: ata_piix
[    9.311552] scsi host1: ata_piix
[    9.328708] ata1: PATA max UDMA/33 cmd 0x1f0 ctl 0x3f6 bmdma 0xd000 irq 14
[    9.373051] ata2: PATA max UDMA/33 cmd 0x170 ctl 0x376 bmdma 0xd008 irq 15
[    9.376740] libphy: Fixed MDIO Bus: probed
[    9.392081] tun: Universal TUN/TAP device driver, 1.6
[    9.403313] tun: (C) 1999-2004 Max Krasnyansky <maxk@qualcomm.com>
[    9.408117] PPP generic driver version 2.4.2
[    9.412455] ehci_hcd: USB 2.0 'Enhanced' Host Controller (EHCI) Driver
[    9.425402] ehci-pci: EHCI PCI platform driver
[    9.443664] ehci-platform: EHCI generic platform driver
[    9.463536] ohci_hcd: USB 1.1 'Open' Host Controller (OHCI) Driver
[    9.473675] ohci-pci: OHCI PCI platform driver
[    9.488148] ohci-platform: OHCI generic platform driver
[    9.509407] uhci_hcd: USB Universal Host Controller Interface driver
[    9.530176] i8042: PNP: PS/2 Controller [PNP0303:PS2K,PNP0f03:PS2M] at 0x60,0x64 irq 1,12
[    9.555839] serio: i8042 KBD port at 0x60,0x64 irq 1
[    9.572431] serio: i8042 AUX port at 0x60,0x64 irq 12
[    9.573786] mousedev: PS/2 mouse device common for all mice
[    9.575712] input: AT Translated Set 2 keyboard as /devices/platform/i8042/serio0/input/input2
[    9.605094] rtc_cmos rtc_cmos: rtc core: registered rtc_cmos as rtc0
[    9.654424] rtc_cmos rtc_cmos: alarms up to one day, 114 bytes nvram
[    9.679362] i2c /dev entries driver
[    9.692200] device-mapper: uevent: version 1.0.3
[    9.712710] device-mapper: ioctl: 4.34.0-ioctl (2015-10-28) initialised: dm-devel@redhat.com
[    9.739180] ledtrig-cpu: registered to indicate activity on CPUs
[    9.777008] NET: Registered protocol family 10
[    9.789483] NET: Registered protocol family 17
[    9.790500] Key type dns_resolver registered
[    9.804525] microcode: CPU0 sig=0x306d4, pf=0x40, revision=0x0
[    9.842552] microcode: CPU1 sig=0x306d4, pf=0x40, revision=0x0
[    9.870266] microcode: Microcode Update Driver: v2.01 <tigran@aivazian.fsnet.co.uk>, Peter Oruba
[    9.879047] registered taskstats version 1
[    9.894236] Loading compiled-in X.509 certificates
[    9.922718] Loaded X.509 cert 'Build time autogenerated kernel key: 11f495fa9f4186f263f5fd144a167c99990e2f12'
[    9.949201] zswap: loaded using pool lzo/zbud
[    9.979385] Key type trusted registered
[   10.007576] Key type encrypted registered
[   10.020823] AppArmor: AppArmor sha1 policy hashing enabled
[   10.024715] ima: No TPM chip found, activating TPM-bypass!
[   10.043551] evm: HMAC attrs: 0x1
[   10.055237]   Magic number: 2:441:55
[   10.070730] rtc_cmos rtc_cmos: setting system clock to 2018-01-10 02:05:47 UTC (1515549947)
[   10.087640] BIOS EDD facility v0.16 2004-Jun-25, 0 devices found
[   10.102865] EDD information not available.
[   10.106163] Freeing unused kernel memory: 1488K (ffffffff81f45000 - ffffffff820b9000)
[   10.132651] Write protecting the kernel read-only data: 14336k
[   10.138464] Freeing unused kernel memory: 1776K (ffff880001844000 - ffff880001a00000)
[   10.142402] Freeing unused kernel memory: 116K (ffff880001de3000 - ffff880001e00000)
Loading, please [   10.193852] random: systemd-udevd: uninitialized urandom read (16 bytes read, 5 bits of entropy available)
wait...
startin[   10.194450] random: udevadm: uninitialized urandom read (16 bytes read, 5 bits of entropy available)
g version 229
[   10.194483] random: udevadm: uninitialized urandom read (16 bytes read, 5 bits of entropy available)
[   10.194578] random: udevadm: uninitialized urandom read (16 bytes read, 5 bits of entropy available)
[   10.194612] random: udevadm: uninitialized urandom read (16 bytes read, 5 bits of entropy available)
[   10.194645] random: udevadm: uninitialized urandom read (16 bytes read, 5 bits of entropy available)
[   10.194678] random: udevadm: uninitialized urandom read (16 bytes read, 5 bits of entropy available)
[   10.194709] random: udevadm: uninitialized urandom read (16 bytes read, 5 bits of entropy available)
[   10.194738] random: udevadm: uninitialized urandom read (16 bytes read, 5 bits of entropy available)
[   10.194770] random: udevadm: uninitialized urandom read (16 bytes read, 5 bits of entropy available)
[   10.418021] Fusion MPT base driver 3.04.20
[   10.433605] Copyright (c) 1999-2008 LSI Corporation
[   10.468509] e1000: Intel(R) PRO/1000 Network Driver - version 7.3.21-k8-NAPI
[   10.477632] e1000: Copyright (c) 1999-2006 Intel Corporation.
[   10.509057] Fusion MPT SPI Host driver 3.04.20
[   10.533673] AVX version of gcm_enc/dec engaged.
[   10.542594] AES CTR mode by8 optimization enabled
[   10.672408] input: ImExPS/2 Generic Explorer Mouse as /devices/platform/i8042/serio1/input/input4
[   10.926929] e1000 0000:00:03.0 eth0: (PCI:33MHz:32-bit) 02:9a:e7:4d:41:74
[   10.953514] e1000 0000:00:03.0 eth0: Intel(R) PRO/1000 Network Connection
[   10.968292] mptbase: ioc0: Initiating bringup
[   11.032993] ioc0: LSI53C1030 A0: Capabilities={Initiator}
[   11.221431] scsi host2: ioc0: LSI53C1030 A0, FwRev=00000000h, Ports=1, MaxQ=256, IRQ=20
[   11.361745] scsi 2:0:0:0: Direct-Access     VBOX     HARDDISK         1.0  PQ: 0 ANSI: 5
[   11.413151] scsi target2:0:0: Beginning Domain Validation
[   11.427531] scsi target2:0:0: Domain Validation skipping write tests
[   11.438442] scsi target2:0:0: Ending Domain Validation
[   11.454622] scsi target2:0:0: asynchronous
[   11.465880] scsi 2:0:1:0: Direct-Access     VBOX     HARDDISK         1.0  PQ: 0 ANSI: 5
[   11.475337] scsi target2:0:1: Beginning Domain Validation
[   11.484868] scsi target2:0:1: Domain Validation skipping write tests
[   11.490437] scsi target2:0:1: Ending Domain Validation
[   11.492920] scsi target2:0:1: asynchronous
[   11.630400] sd 2:0:0:0: Attached scsi generic sg0 type 0
[   11.633020] sd 2:0:0:0: [sda] 20971520 512-byte logical blocks: (10.7 GB/10.0 GiB)
[   11.665484] sd 2:0:1:0: [sdb] 20480 512-byte logical blocks: (10.5 MB/10.0 MiB)
[   11.668733] sd 2:0:1:0: Attached scsi generic sg1 type 0
[   11.671248] sd 2:0:1:0: [sdb] Write Protect is off
[   11.673818] sd 2:0:1:0: [sdb] Incomplete mode parameter data
[   11.679343] sd 2:0:1:0: [sdb] Assuming drive cache: write through
[   11.681088] sd 2:0:0:0: [sda] Write Protect is off
[   11.686105] sd 2:0:0:0: [sda] Incomplete mode parameter data
[   11.688501] sd 2:0:0:0: [sda] Assuming drive cache: write through
[   11.692033] sd 2:0:1:0: [sdb] Attached SCSI disk
[   11.707919]  sda: sda1
[   11.714364] sd 2:0:0:0: [sda] Attached SCSI disk
[   11.777889] e1000 0000:00:08.0 eth1: (PCI:33MHz:32-bit) 08:00:27:fa:fe:2d
[   11.845751] e1000 0000:00:08.0 eth1: Intel(R) PRO/1000 Network Connection
[   11.848867] e1000 0000:00:08.0 enp0s8: renamed from eth1
[   11.864909] e1000 0000:00:03.0 enp0s3: renamed from eth0
[   13.493116] floppy0: no floppy controllers found
Begin: Loading e[   14.922944] md: linear personality registered for level -1
ssential drivers ... [   15.002343] md: multipath personality registered for level -4
[   15.046968] md: raid0 personality registered for level 0
[   15.061217] md: raid1 personality registered for level 1
[   15.197687] raid6: sse2x1   gen()  9643 MB/s
[   15.292644] raid6: sse2x1   xor()  6109 MB/s
[   15.396747] raid6: sse2x2   gen() 10117 MB/s
[   15.540626] raid6: sse2x2   xor()  7097 MB/s
[   15.645286] raid6: sse2x4   gen()  9085 MB/s
[   15.716649] raid6: sse2x4   xor()  7623 MB/s
[   15.719082] raid6: using algorithm sse2x2 gen() 10117 MB/s
[   15.720249] raid6: .... xor() 7097 MB/s, rmw enabled
[   15.737000] raid6: using ssse3x2 recovery algorithm
[   15.752992] xor: automatically using best checksumming function:
[   15.792955]    avx       : 19257.000 MB/sec
[   15.819708] async_tx: api initialized (async)
[   15.835304] md: raid6 personality registered for level 6
[   15.875086] md: raid5 personality registered for level 5
[   15.928473] md: raid4 personality registered for level 4
[   15.947118] md: raid10 personality registered for level 10
done.
Begin: Running /scripts/init-premount ... done[   16.008502] Btrfs loaded
.
Begin: Mounting root file system ... Begin: Running /scripts/local-top ... done.
Begin: Running /scripts/local-premount ... Scanning for Btrfs filesystems
done.
Warning: fsck not present, so sk[   16.102353] EXT4-fs (sda1): mounted filesystem with ordered data mode. Opts: (null)
ipping root file system
done.
Begin: Running /scripts/local-bottom ... done.
Begin: Running /scripts/init-bottom ... done.
[   16.237225] systemd[1]: systemd 229 running in system mode. (+PAM +AUDIT +SELINUX +IMA +APPARMOR +SMACK +SYSVINIT +UTMP +LIBCRYPTSETUP +GCRYPT +GNUTLS +ACL +XZ -LZ4 +SECCOMP +BLKID +ELFUTILS +KMOD -IDN)
[   16.328412] systemd[1]: Detected virtualization oracle.
[   16.345130] systemd[1]: Detected architecture x86-64.

Welcome to [1mUbuntu 16.04.2 LTS[0m!

[   16.361639] systemd[1]: Set hostname to <ubuntu>.
[   16.414492] systemd[1]: Initializing machine ID from random generator.
[   16.530965] systemd[1]: Installed transient /etc/machine-id file.
[   16.649067] systemd[1]: Started Forward Password Requests to Wall Directory Watch.
[[0;32m  OK  [0m] Started Forward Password Requests to Wall Directory Watch.
[   16.753099] systemd[1]: Created slice User and Session Slice.
[[0;32m  OK  [0m] Created slice User and Session Slice.
[   16.841702] systemd[1]: Listening on Device-mapper event daemon FIFOs.
[[0;32m  OK  [0m] Listening on Device-mapper event daemon FIFOs.
[   16.941474] systemd[1]: Reached target Encrypted Volumes.
[[0;32m  OK  [0m] Reached target Encrypted Volumes.
[   17.017150] systemd[1]: Listening on LVM2 poll daemon socket.
[[0;32m  OK  [0m] Listening on LVM2 poll daemon socket.
[   17.089285] systemd[1]: Reached target User and Group Name Lookups.
[[0;32m  OK  [0m] Reached target User and Group Name Lookups.
[   17.170691] systemd[1]: Listening on Journal Audit Socket.
[[0;32m  OK  [0m] Listening on Journal Audit Socket.
[   17.237321] systemd[1]: Set up automount Arbitrary Executable File Formats File System Automount Point.
[[0;32m  OK  [0m] Set up automount Arbitrary Executab...ats File System Automount Point.
[   17.349510] systemd[1]: Listening on Journal Socket (/dev/log).
[[0;32m  OK  [0m] Listening on Journal Socket (/dev/log).
[   17.409260] systemd[1]: Listening on Syslog Socket.
[[0;32m  OK  [0m] Listening on Syslog Socket.
[   17.483752] systemd[1]: Listening on Journal Socket.
[[0;32m  OK  [0m] Listening on Journal Socket.
[   17.520488] systemd[1]: Created slice System Slice.
[[0;32m  OK  [0m] Created slice System Slice.
[   17.577334] systemd[1]: Starting Nameserver information manager...
         Starting Nameserver information manager...
[   17.594048] systemd[1]: Starting Journal Service...
         Starting Journal Service...
[   17.618673] systemd[1]: Listening on udev Control Socket.
[[0;32m  OK  [0m] Listening on udev Control Socket.
[   17.660982] systemd[1]: Listening on /dev/initctl Compatibility Named Pipe.
[[0;32m  OK  [0m] Listening on /dev/initctl Compatibility Named Pipe.
[   17.705262] systemd[1]: Starting Uncomplicated firewall...
         Starting Uncomplicated firewall...
[   17.721877] systemd[1]: Listening on udev Kernel Socket.
[[0;32m  OK  [0m] Listening on udev Kernel Socket.
[   17.769821] random: nonblocking pool is initialized
[   17.789335] systemd[1]: Mounting POSIX Message Queue File System...
         Mounting POSIX Message Queue File System...
[   17.889056] systemd[1]: Mounting Debug File System...
         Mounting Debug File System...
[   17.945318] systemd[1]: Mounting Huge Pages File System...
         Mounting Huge Pages File System...
[   17.990129] systemd[1]: Reached target Slices.
[[0;32m  OK  [0m] Reached target Slices.
[   18.049304] systemd[1]: Reached target Swap.
[[0;32m  OK  [0m] Reached target Swap.
[   18.117461] systemd[1]: Listening on LVM2 metadata daemon socket.
[[0;32m  OK  [0m] Listening on LVM2 metadata daemon socket.
[   18.209534] systemd[1]: Starting Monitoring of LVM2 mirrors, snapshots etc. using dmeventd or progress polling...
         Starting Monitoring of LVM2 mirrors... dmeventd or progress polling...
[   18.325464] systemd[1]: Starting Create list of required static device nodes for the current kernel...
         Starting Create list of required st... nodes for the current kernel...
[   18.394750] systemd[1]: Created slice system-serial\x2dgetty.slice.
[[0;32m  OK  [0m] Created slice system-serial\x2dgetty.slice.
[   18.457008] systemd[1]: Starting Set console keymap...
         Starting Set console keymap...
[   18.529610] systemd[1]: Starting Remount Root and Kernel File Systems...
[   18.535790] EXT4-fs (sda1): re-mounted. Opts: (null)
         Starting Remount Root and Kernel File Systems...
[   18.659954] systemd[1]: Starting Load Kernel Modules...
[   18.681546] Loading iSCSI transport class v2.0-870.
         Startin[   18.738315] iscsi: registered transport (tcp)
g Load Kernel Modules...
[   18.769589] iscsi: registered transport (iser)
[   18.790770] systemd[1]: Mounted Huge Pages File System.
[[0;32m  OK  [0m] Mounted Huge Pages File System.
[   18.874493] systemd[1]: Mounted POSIX Message Queue File System.
[[0;32m  OK  [0m] Mounted POSIX Message Queue File System.
[   18.997821] systemd[1]: Mounted Debug File System.
[[0;32m  OK  [0m] Mounted Debug File System.
[   19.085660] systemd[1]: Started Journal Service.
[[0;32m  OK  [0m] Started Journal Service.
[[0;32m  OK  [0m] Started Uncomplicated firewall.
[[0;32m  OK  [0m] Started Create list of required sta...ce nodes for the current kernel.
[[0;32m  OK  [0m] Started Set console keymap.
[[0;32m  OK  [0m] Started Remount Root and Kernel File Systems.
[[0;32m  OK  [0m] Started Load Kernel Modules.
[[0;32m  OK  [0m] Started Nameserver information manager.
[[0;32m  OK  [0m] Started LVM2 metadata daemon.
         Starting Apply Kernel Variables...
         Mounting FUSE Control File System...
         Starting Load/Save Random Seed...
         Starting udev Coldplug all Devices...
         Starting Initial cloud-init job (pre-networking)...
         Starting Create Static Device Nodes in /dev...
         Starting Flush Journal to Persistent Storage...
[[0;32m  OK  [0m] Mounted FUSE Control File System.
[[0;32m  OK  [0m] Started Apply Kernel Variables.
[[0;32m  OK  [0m] Started Load/Save Random Seed.
[[0;32m  OK  [0m] Started Create Static Device Nodes in /dev.
[[0;32m  OK  [0m] Started udev Coldplug all Devices.
[[0;32m  OK  [0m] Started Monitoring of LVM2 mirrors,...ng dmeventd or progress polling.
[[0;32m  OK  [0m] Started Flush Journal to Persistent Storage.
         Starting udev Kernel Device Manager...
[[0;32m  OK  [0m] Started udev Kernel Device Manager.
[[0;32m  OK  [0m] Started Dispatch Password Requests to Console Directory Watch.
[[0;32m  OK  [0m] Reached target Local File Systems (Pre).
[[0;32m  OK  [0m] Reached target Local File Systems.
         Starting Tell Plymouth To Write Out Runtime Data...
         Starting Commit a transient machine-id on disk...
         Starting Create Volatile Files and Directories...
         Starting Set console font and keymap...
         Starting LSB: AppArmor initialization...
[[0;32m  OK  [0m] Started Tell Plymouth To Write Out Runtime Data.
[[0;32m  OK  [0m] Started Commit a transient machine-id on disk.
[[0;32m  OK  [0m] Started Create Volatile Files and Directories.
[   15.978742] cloud-init[477]: Cloud-init v. 0.7.9 running 'init-local' at Wed, 10 Jan 2018 02:05:57 +0000. Up 15.37 seconds.
[[0;32m  OK  [0m] Started Initial cloud-init job (pre-networking).
[[0;32m  OK  [0m] Started Set console font and keymap.
[[0;32m  OK  [0m] Found device /dev/ttyS0.
[[0;32m  OK  [0m] Listening on Load/Save RF Kill Switch Status /dev/rfkill Watch.
[[0;32m  OK  [0m] Created slice system-getty.slice.
[[0;32m  OK  [0m] Reached target Network (Pre).
[[0;32m  OK  [0m] Reached target System Time Synchronized.
         Starting Update UTMP about System Boot/Shutdown...
[[0;32m  OK  [0m] Started Update UTMP about System Boot/Shutdown.
[[0;32m  OK  [0m] Started LSB: AppArmor initialization.
         Starting Raise network interfaces...
[[0;32m  OK  [0m] Started Raise network interfaces.
         Starting Initial cloud-init job (metadata service crawler)...
[[0;32m  OK  [0m] Reached target Network.
[   19.830420] cloud-init[1063]: Cloud-init v. 0.7.9 running 'init' at Wed, 10 Jan 2018 02:06:01 +0000. Up 19.01 seconds.
[   19.920659] [cloud-init[0;32m  OK  [0m[1063]: ] ci-info: ++++++++++++++++++++++++++++++++++++++Net device info++++++++++++++++++++++++++++++++++++++Started Initial cloud-init job (metadata service crawler).

[   19.921209] cloud-init[1063]: ci-info: +--------+-------+----------------------------+---------------+-------+-------------------+
[   20.056978] [cloud-init[0;32m  OK  [0m[1063]: ] ci-info: | Device |   Up  |          Address           |      Mask     | Scope |     Hw-Address    |Reached target System Initialization.

[[0;32m  OK  [0m] Started Trigger resolvconf update for networkd DNS.
[[0;32m  OK  [0m] Started Timer to automatically refresh installed snaps.
[   20.057479] cloud-init[1063]: ci-info: +--------+-------+----------------------------+---------------+-------+-------------------+
[   20.320498] [cloud-init[0;32m  OK  [0m[1063]: ] ci-info: |   lo   |  True |         127.0.0.1          |   255.0.0.0   |   .   |         .         |Listening on UUID daemon activation socket.

[   20.472767] [cloud-init[0;32m  OK  [0m[1063]: ] ci-info: |   lo   |  True |          ::1/128           |       .       |  host |         .         |Started ACPI Events Check.

[   20.473314] [cloud-init[0;32m  OK  [0m[1063]: ] ci-info: | enp0s8 | False |             .              |       .       |   .   | 08:00:27:fa:fe:2d |Reached target Paths.

[[0;32m  OK  [0m] Started Daily apt activities.
[   20.536980]          cloud-initStarting LXD - unix socket.[1063]: 
ci-info: | enp0s3 |  True |         10.0.2.15          | 255.255.255.0 |   .   | 02:9a:e7:4d:41:74 |
[   20.749120] [cloud-init[0;32m  OK  [0m[1063]: ] ci-info: | enp0s3 |  True | fe80::9a:e7ff:fe4d:4174/64 |       .       |  link | 02:9a:e7:4d:41:74 |Listening on D-Bus System Message Bus Socket.

[   20.749902] cloud-init         [1063]: Starting Socket activation for snappy daemon.ci-info: +--------+-------+----------------------------+---------------+-------+-------------------+

[   20.988537] [cloud-init[0;32m  OK  [0m[1063]: ] ci-info: +++++++++++++++++++++++++++Route IPv4 info++++++++++++++++++++++++++++Listening on ACPID Listen Socket.

[[0;32m  OK  [0m] Started Daily Cleanup of Temporary Directories.
[[0;32m  OK  [0m] Reached target Timers.
[[0;32m  OK  [0m] Reached target Cloud-config availability.
[   20.989101] cloud-init[1063]: ci-info: +-------+-------------+----------+---------------+-----------+-------+
[   21.240849] [cloud-init[0;32m  OK  [0m[1063]: ] ci-info: | Route | Destination | Gateway  |    Genmask    | Interface | Flags |Reached target Network is Online.

[   21.241342] cloud-init[1063]: ci-info: +-------+-------------+----------+---------------+-----------+-------+
[   21.381974]          cloud-initStarting iSCSI initiator daemon (iscsid)...[1063]: 
ci-info: |   0   |   0.0.0.0   | 10.0.2.2 |    0.0.0.0    |   enp0s3  |   UG  |
[   21.440552] [cloud-init[0;32m  OK  [0m[1063]: ] ci-info: |   1   |   10.0.2.0  | 0.0.0.0  | 255.255.255.0 |   enp0s3  |   U   |Listening on LXD - unix socket.

[   21.441253] [cloud-init[0;32m  OK  [0m[1063]: ] ci-info: +-------+-------------+----------+---------------+-----------+-------+Listening on Socket activation for snappy daemon.

[   21.515545] cloud-init[1063]: Generating public/private rsa key pair.
[[0;32m  OK  [0m] Started iSCSI initiator daemon (iscsid).
[   21.666386] cloud-init[1063]: Your identification has been saved in /etc/ssh/ssh_host_rsa_key.
[   21.796732] cloud-init[1063]: Your public key has been saved in /etc/ssh/ssh_host_rsa_key.pub.
         Starting Login to default iSCSI targets...
[[0;32m  OK  [0m] Reached target Sockets.
[[0;32m  OK  [0m] Reached target Basic System.
[   21.881651] cloud-init[1063]: The key fingerprint is:
[   22.012589] [cloud-init[0;32m  OK  [0m[1063]: ] SHA256:/ZSYjvAPIqqP6kmffqmKewEz4ZvuqR38RDX6F91e+ZM root@ubuntu-xenialStarted ACPI event daemon.

[   22.013145] cloud-init[1063]: The key's randomart image is:
[   22.100553]          cloud-initStarting Login Service...[1063]: 
+---[RSA 2048]----+
[   22.144605]          cloud-initStarting System Logging Service...[1063]: 
|                 |
[   22.162615] cloud-init[1063]: |.                |
[   22.192587] cloud-init[1063]: |..    o          |
[[0;32m  OK  [0m] Started Deferred execution scheduler.
[   22.215704] cloud-init[1063]: |+.   o . o + . . |
[   22.280495]          cloud-initStarting Accounts Service...[1063]: 
| +o o . S = + o  |
[   22.320991] [cloud-init[0;32m  OK  [0m[1063]: ] | +.. . o + + . ..|Started D-Bus System Message Bus.

[   22.321571] cloud-init[1063]: |..o.o + = . o  E.|
[   22.365879] cloud-init[1063]: |o+==.+ o o      .|
[   22.417406]          cloud-initStarting LSB: MD monitoring daemon...[1063]: 
|%@*=+     .      |
[   22.460051]          cloud-initStarting Apply the settings specified in cloud-config...[1063]: 
+----[SHA256]-----+
         Starting LSB: Record successful boot for GRUB...
[   22.543208] cloud-init[1063]: Generating public/private dsa key pair.
[   22.608386] cloud-init[1063]: Your identification has been saved in /etc/ssh/ssh_host_dsa_key.
[[0;32m  OK  [0m] Started Regular background program processing daemon.
[   22.670997] cloud-init[1063]: Your public key has been saved in /etc/ssh/ssh_host_dsa_key.pub.
[   22.740361] cloud-init[1063]: The key fingerprint is:
[   22.780285]          cloud-initStarting /etc/rc.local Compatibility...[1063]: 
SHA256:1IFZU1+k3eyNqShwZ1czD8OC2qPocYinMyScTboQlSA root@ubuntu-xenial
[   22.848602]          cloud-initStarting Pollinate to seed the pseudo random number generator...[1063]: 
The key's randomart image is:
         Starting LXD - container startup/shutdown...
[   22.921268] cloud-init[1063]: +---[DSA 1024]----+
[   22.982995] [cloud-init[0;32m  OK  [0m[1063]: ] |E. .     ++..  .o|Started Snappy daemon.

[   22.983370] cloud-init[1063]: |. o     o. + o =.|
[   23.044103] [cloud-init[0;32m  OK  [0m[1063]: ] | .      . o . X +|Started FUSE filesystem for LXC.

[   23.073055]          cloud-initStarting Auto import assertions from block devices...[1063]: 
|.   .  . o   o X.|
[   23.073625] cloud-init[1063]: | o =  . S = . o +|
[   23.152421] [cloud-init[0;32m  OK  [0m[1063]: ] |. = o. = + + .   |Started System Logging Service.

[   23.152921] cloud-init[1063]: | . +. = + . .    |
[   23.236595] [cloud-init[0;32m  OK  [0m[1063]: ] |  . o+ o .       |Started /etc/rc.local Compatibility.

[   23.237200] cloud-init[1063]: |    .o.          |
[   23.404452] [cloud-init[0;32m  OK  [0m[1063]: ] +----[SHA256]-----+Started LXD - container startup/shutdown.

[   23.405038] cloud-init[1063]: Generating public/private ecdsa key pair.
[   23.492443] [cloud-init[0;32m  OK  [0m[1063]: ] Your identification has been saved in /etc/ssh/ssh_host_ecdsa_key.Started Auto import assertions from block devices.

[   23.493013] cloud-init[1063]: Your public key has been saved in /etc/ssh/ssh_host_ecdsa_key.pub.
[   23.652436] cloud-init[1063]: The key fingerprint is:
[   23.685654] cloud-init[1063]: SHA256:d/F0GnBd6KIgfcQJsVPXJXacYNPRR8kcEC9NKmgwWJo root@ubuntu-xenial
[   23.744538] cloud-init[1063]: The key's randomart image is:
[[0;32m  OK  [0m] Started Login to default iSCSI targets.
[   23.789571] cloud-init[1063]: +---[ECDSA 256]---+
[   23.817623] cloud-init[1063]: |      o+o+..oB@X%|
[   23.830996] cloud-init[1063]: |     .o oo=..+OO=|
[[0;32m  OK  [0m] Started LSB: Record successful boot for GRUB.
[[0;32m  OK  [0m] Started LSB: MD monitoring daemon.
[   23.883086] cloud-init[1063]: |     E .o+ ..+ooo|
[   23.974731] cloud-init[1063]: |      . +.. o+o+ |
[   24.000509] cloud-init[1063]: |       .So....o  |
[   24.011323] cloud-init[1063]: |         ...     |
[   24.034368] cloud-init[1063]: |                 |
[   24.108425] cloud-init[1063]: |                 |
[   24.109118] cloud-init[1063]: |                 |
[   24.109491] cloud-init[1063]: +----[SHA256]-----+
[[0;32m  OK  [0m] Started Login Service.
[   24.109786] cloud-init[1063]: Generating public/private ed25519 key pair.
         Starting Authenticate and Authorize Users to Run Privileged Tasks...
[[0;32m  OK  [0m] Reached target Remote File Systems (Pre).
[[0;32m  OK  [0m] Reached target Remote File Systems.
[   24.232340] cloud-init[1063]: Your identification has been saved in /etc/ssh/ssh_host_ed25519_key.
         Starting LSB: VirtualBox Linux Additions...
[   24.295909] cloud-init[1063]: Your public key has been saved in /etc/ssh/ssh_host_ed25519_key.pub.
[   24.361311]          cloud-initStarting LSB: Set the CPU Frequency Scaling governor to "ondemand"...[1063]: 
The key fingerprint is:
         Starting LSB: automatic crash report generation...
[   24.399438] cloud-init[1063]: SHA256:GVq/yw0kGRXMBIX8zOPUCdf8rU6KMZ+UAJwFukkY1FA root@ubuntu-xenial
[   24.408917] cloud-init[1063]: The key's randomart image is:
         Starting LSB: daemon to balance interrupts for SMP systems...
[   24.443248] cloud-init[1063]: +--[ED25519 256]--+
         Starting Permit User Sessions...
[   24.481005] cloud-init[1063]: |   .++Eoo@*. o   |
[[0;32m  OK  [0m] Started Permit User Sessions.
[   24.499788] [[0;32m  OK  [0m] Started Authenticate and Authorize Users to Run Privileged Tasks.
cloud-init[1063]: |     o..*.+ . o  |
[[0;32m  OK  [0m] Started Accounts Service.
[   24.563274] cloud-init[1063]: |    . o += + . ..|
[   24.588135] cloud-init[1063]: |     . = *B o   o|
[   24.604654] cloud-init[1063]: |      + Sooo . . |
[   24.624255] cloud-init[1063]: |         o+.o o  |
[[   24.672423] cloud-init[1063]: |          o* =   |
[   24.673485] cloud-init[1063]: |         ..++ .  |
[0;32m  OK  [0m] Started LSB: Set the CPU Frequency Scaling governor to "ondemand".
[[0;32m  OK  [0m] Started LSB: VirtualBox Linux Additions.
[[0;32m  OK  [0m] Started LSB: automatic crash report generation.
[   24.674504] cloud-init[1063]: |          o .    |
[   24.756680] cloud-init[1063]: +----[SHA256]-----+
         [   24.783189] cloud-init[1192]: Generating locales (this might take a while)...
[   24.783796] cloud-init[1192]:   en_US.UTF-8... done
Starting Hold until boot process finishes up...
[   24.784060] cloud-init[1192]: Generation complete.
         Starting Terminate Plymouth Boot Screen...
[[0;32m  OK  [0m] Started LSB: daemon to balance interrupts for SMP systems.
[[0;32m  OK  [0m] Started Hold until boot process finishes up.
[[0;32m  OK  [0m] Started Terminate Plymouth Boot Screen.
[[0;32m  OK  [0m] Stopped OpenBSD Secure Shell server.
         Starting OpenBSD Secure Shell server...
[[0;32m  OK  [0m] Started Serial Getty on ttyS0.
         Starting Set console scheme...
[[0;32m  OK  [0m] Started Getty on tty1.
[[0;32m  OK  [0m] Reached target Login Prompts.
[[0;32m  OK  [0m] Started OpenBSD Secure Shell server.
[[0;32m  OK  [0m] Started Set console scheme.
[[0;32m  OK  [0m] Started Pollinate to seed the pseudo random number generator.
[[0;32m  OK  [0m] Reached target Multi-User System.
[[0;32m  OK  [0m] Reached target Graphical Interface.
         Starting Update UTMP about System Runlevel Changes...
[[0;32m  OK  [0m] Started Update UTMP about System Runlevel Changes.
[[0;32m  OK  [0m] Created slice User Slice of ubuntu.
         Starting User Manager for UID 1000...
[[0;32m  OK  [0m] Started Session 1 of user ubuntu.
[[0;32m  OK  [0m] Started User Manager for UID 1000.
[   25.616124] cloud-init[1192]: Cloud-init v. 0.7.9 running 'modules:config' at Wed, 10 Jan 2018 02:06:04 +0000. Up 22.75 seconds.
[[0;32m  OK  [0m] Started Apply the settings specified in cloud-config.
         Starting Execute cloud user/final scripts...
ci-info: no authorized ssh keys fingerprints found for user ubuntu.
<14>Jan 10 02:06:08 ec2: 
<14>Jan 10 02:06:08 ec2: #############################################################
<14>Jan 10 02:06:08 ec2: -----BEGIN SSH HOST KEY FINGERPRINTS-----
<14>Jan 10 02:06:08 ec2: 1024 SHA256:1IFZU1+k3eyNqShwZ1czD8OC2qPocYinMyScTboQlSA root@ubuntu-xenial (DSA)
<14>Jan 10 02:06:08 ec2: 256 SHA256:d/F0GnBd6KIgfcQJsVPXJXacYNPRR8kcEC9NKmgwWJo root@ubuntu-xenial (ECDSA)
<14>Jan 10 02:06:08 ec2: 256 SHA256:GVq/yw0kGRXMBIX8zOPUCdf8rU6KMZ+UAJwFukkY1FA root@ubuntu-xenial (ED25519)
<14>Jan 10 02:06:08 ec2: 2048 SHA256:/ZSYjvAPIqqP6kmffqmKewEz4ZvuqR38RDX6F91e+ZM root@ubuntu-xenial (RSA)
<14>Jan 10 02:06:08 ec2: -----END SSH HOST KEY FINGERPRINTS-----
<14>Jan 10 02:06:08 ec2: #############################################################
-----BEGIN SSH HOST KEY KEYS-----
ecdsa-sha2-nistp256 AAAAE2VjZHNhLXNoYTItbmlzdHAyNTYAAAAIbmlzdHAyNTYAAABBBJuO23gGjf18StIhgp+Gae0FitzX0ldaQaCWSzqtR53ep8PGQttSuU3ccjOinfX3stk6t4KjJDqLjLcuUk2TNBk= root@ubuntu-xenial
ssh-ed25519 AAAAC3NzaC1lZDI1NTE5AAAAIDXFDYQcKaN/+BDD+08V4QX0tYn/47d5DyfLGEyJlvLl root@ubuntu-xenial
ssh-rsa AAAAB3NzaC1yc2EAAAADAQABAAABAQDPdsbE38Xceuyz5sST0T1IqMcmDwTD8FnDNAS0B9AL1Qg10qQUL9PN3STmMZFttD720ALYCtIfgWn0WlSTIut5SNztItwN4rJqwB+azbwVyWHUjMtBIsw5Z5y49fPlkgwlJs0pfoJ2/PV1/+ggu25WhUCWhmGBBH+PXDHeH48Hhth5ndjGumIdj66iSqPrpMnC9r/kthTVOFIylP1eM3aKyN8b+jYEbaDvk1sCcdctB1kINcs3QzSPUsy5jaOZxmE87/bfDAwVcR3Nkcx3lzVtOVxrXUFv6CZPFkM2M5ie/+gSeHf5VHDrFTAGKlvBCspyazzhUhjwTlngxWspQ7Nd root@ubuntu-xenial
-----END SSH HOST KEY KEYS-----
[   27.027167] cloud-init[1493]: Cloud-init v. 0.7.9 running 'modules:final' at Wed, 10 Jan 2018 02:06:08 +0000. Up 26.39 seconds.
[   27.070215] cloud-init[1493]: ci-info: no authorized ssh keys fingerprints found for user ubuntu.
[   27.117130] cloud-init[1493]: Cloud-init v. 0.7.9 finished at Wed, 10 Jan 2018 02:06:09 +0000. Datasource DataSourceNoCloudNet [seed=/dev/sdb][dsmode=net].  Up 27.01 seconds
[[0;32m  OK  [0m] Started Execute cloud user/final scripts.
[[0;32m  OK  [0m] Reached target Cloud-init target.

Ubuntu 16.04.2 LTS ubuntu-xenial ttyS0

ubuntu-xenial login: 